[INFO] Scanning for projects...
[INFO] 
[INFO] -----------------------< com.travel:marketplace >-----------------------
[INFO] Building ai-travel-marketplace 0.0.1-SNAPSHOT
[INFO]   from pom.xml
[INFO] --------------------------------[ jar ]---------------------------------
[INFO] 
[INFO] >>> spring-boot:3.3.1:run (default-cli) > test-compile @ marketplace >>>
[INFO] 
[INFO] --- resources:3.3.1:resources (default-resources) @ marketplace ---
[INFO] Copying 1 resource from src\main\resources to target\classes
[INFO] Copying 7 resources from src\main\resources to target\classes
[INFO] 
[INFO] --- compiler:3.13.0:compile (default-compile) @ marketplace ---
[INFO] Recompiling the module because of changed source code.
[INFO] Compiling 223 source files with javac [debug parameters release 21] to target\classes
[INFO] Annotation processing is enabled because one or more processors were found
  on the class path. A future release of javac may disable annotation processing
  unless at least one processor is specified by name (-processor), or a search
  path is specified (--processor-path, --processor-module-path), or annotation
  processing is enabled explicitly (-proc:only, -proc:full).
  Use -Xlint:-options to suppress this message.
  Use -proc:none to disable annotation processing.
[INFO] 
[INFO] --- resources:3.3.1:testResources (default-testResources) @ marketplace ---
[INFO] skip non existing resourceDirectory E:\Github project\ai-travel-marketplace\backend\src\test\resources
[INFO] 
[INFO] --- compiler:3.13.0:testCompile (default-testCompile) @ marketplace ---
[INFO] No sources to compile
[INFO] 
[INFO] <<< spring-boot:3.3.1:run (default-cli) < test-compile @ marketplace <<<
[INFO] 
[INFO] 
[INFO] --- spring-boot:3.3.1:run (default-cli) @ marketplace ---
[INFO] Attaching agents: []

  .   ____          _            __ _ _
 /\\ / ___'_ __ _ _(_)_ __  __ _ \ \ \ \
( ( )\___ | '_ | '_| | '_ \/ _` | \ \ \ \
 \\/  ___)| |_)| | | | | || (_| |  ) ) ) )
  '  |____| .__|_| |_|_| |_\__, | / / / /
 =========|_|==============|___/=/_/_/_/

 :: Spring Boot ::                (v3.3.1)

2026-06-28T16:11:32.790+07:00  INFO 19728 --- [ai-travel-marketplace] [           main] c.travel.marketplace.BackendApplication  : Starting BackendApplication using Java 21.0.1 with PID 19728 (E:\Github project\ai-travel-marketplace\backend\target\classes started by TrongMinh in E:\Github project\ai-travel-marketplace\backend)
2026-06-28T16:11:32.793+07:00 DEBUG 19728 --- [ai-travel-marketplace] [           main] c.travel.marketplace.BackendApplication  : Running with Spring Boot v3.3.1, Spring v6.1.10
2026-06-28T16:11:32.794+07:00  INFO 19728 --- [ai-travel-marketplace] [           main] c.travel.marketplace.BackendApplication  : The following 1 profile is active: "dev"
2026-06-28T16:11:34.005+07:00  INFO 19728 --- [ai-travel-marketplace] [           main] .s.d.r.c.RepositoryConfigurationDelegate : Bootstrapping Spring Data JPA repositories in DEFAULT mode.
2026-06-28T16:11:34.183+07:00  INFO 19728 --- [ai-travel-marketplace] [           main] .s.d.r.c.RepositoryConfigurationDelegate : Finished Spring Data repository scanning in 169 ms. Found 27 JPA repository interfaces.
2026-06-28T16:11:35.228+07:00  INFO 19728 --- [ai-travel-marketplace] [           main] o.s.b.w.embedded.tomcat.TomcatWebServer  : Tomcat initialized with port 8081 (http)
2026-06-28T16:11:35.243+07:00  INFO 19728 --- [ai-travel-marketplace] [           main] o.apache.catalina.core.StandardService   : Starting service [Tomcat]
2026-06-28T16:11:35.244+07:00  INFO 19728 --- [ai-travel-marketplace] [           main] o.apache.catalina.core.StandardEngine    : Starting Servlet engine: [Apache Tomcat/10.1.25]
2026-06-28T16:11:35.345+07:00  INFO 19728 --- [ai-travel-marketplace] [           main] o.a.c.c.C.[Tomcat].[localhost].[/]       : Initializing Spring embedded WebApplicationContext
2026-06-28T16:11:35.347+07:00  INFO 19728 --- [ai-travel-marketplace] [           main] w.s.c.ServletWebServerApplicationContext : Root WebApplicationContext: initialization completed in 2488 ms
2026-06-28T16:11:35.661+07:00  INFO 19728 --- [ai-travel-marketplace] [           main] com.zaxxer.hikari.HikariDataSource       : HikariPool-1 - Starting...
2026-06-28T16:11:35.861+07:00  INFO 19728 --- [ai-travel-marketplace] [           main] com.zaxxer.hikari.pool.HikariPool        : HikariPool-1 - Added connection com.mysql.cj.jdbc.ConnectionImpl@640a8f93
2026-06-28T16:11:35.864+07:00  INFO 19728 --- [ai-travel-marketplace] [           main] com.zaxxer.hikari.HikariDataSource       : HikariPool-1 - Start completed.
2026-06-28T16:11:35.935+07:00  INFO 19728 --- [ai-travel-marketplace] [           main] org.flywaydb.core.FlywayExecutor         : Database: jdbc:mysql://localhost:3306/ai_travel_marketplace_e2e (MySQL 8.0)
2026-06-28T16:11:36.056+07:00  INFO 19728 --- [ai-travel-marketplace] [           main] o.f.core.internal.command.DbValidate     : Successfully validated 7 migrations (execution time 00:00.054s)
2026-06-28T16:11:36.082+07:00  INFO 19728 --- [ai-travel-marketplace] [           main] o.f.core.internal.command.DbMigrate      : Current version of schema `ai_travel_marketplace_e2e`: 7
2026-06-28T16:11:36.087+07:00  INFO 19728 --- [ai-travel-marketplace] [           main] o.f.core.internal.command.DbMigrate      : Schema `ai_travel_marketplace_e2e` is up to date. No migration necessary.
2026-06-28T16:11:36.218+07:00  INFO 19728 --- [ai-travel-marketplace] [           main] o.hibernate.jpa.internal.util.LogHelper  : HHH000204: Processing PersistenceUnitInfo [name: default]
2026-06-28T16:11:36.293+07:00  INFO 19728 --- [ai-travel-marketplace] [           main] org.hibernate.Version                    : HHH000412: Hibernate ORM core version 6.5.2.Final
2026-06-28T16:11:36.337+07:00  INFO 19728 --- [ai-travel-marketplace] [           main] o.h.c.internal.RegionFactoryInitiator    : HHH000026: Second-level cache disabled
2026-06-28T16:11:36.690+07:00  INFO 19728 --- [ai-travel-marketplace] [           main] o.s.o.j.p.SpringPersistenceUnitInfo      : No LoadTimeWeaver setup: ignoring JPA class transformer
2026-06-28T16:11:36.753+07:00  WARN 19728 --- [ai-travel-marketplace] [           main] org.hibernate.orm.deprecation            : HHH90000025: MySQL8Dialect does not need to be specified explicitly using 'hibernate.dialect' (remove the property setting and it will be selected by default)
2026-06-28T16:11:36.755+07:00  WARN 19728 --- [ai-travel-marketplace] [           main] org.hibernate.orm.deprecation            : HHH90000026: MySQL8Dialect has been deprecated; use org.hibernate.dialect.MySQLDialect instead
2026-06-28T16:11:39.048+07:00  INFO 19728 --- [ai-travel-marketplace] [           main] o.h.e.t.j.p.i.JtaPlatformInitiator       : HHH000489: No JTA platform available (set 'hibernate.transaction.jta.platform' to enable JTA platform integration)
2026-06-28T16:11:39.104+07:00  INFO 19728 --- [ai-travel-marketplace] [           main] j.LocalContainerEntityManagerFactoryBean : Initialized JPA EntityManagerFactory for persistence unit 'default'
2026-06-28T16:11:39.562+07:00 DEBUG 19728 --- [ai-travel-marketplace] [           main] c.t.m.security.JwtAuthenticationFilter   : Filter 'jwtAuthenticationFilter' configured for use
2026-06-28T16:11:39.578+07:00 DEBUG 19728 --- [ai-travel-marketplace] [           main] c.t.m.m.i.ratelimit.RateLimitingFilter   : Filter 'rateLimitingFilter' configured for use
2026-06-28T16:11:39.754+07:00  INFO 19728 --- [ai-travel-marketplace] [           main] o.s.d.j.r.query.QueryEnhancerFactory     : Hibernate is in classpath; If applicable, HQL parser will be used.
2026-06-28T16:11:40.469+07:00  INFO 19728 --- [ai-travel-marketplace] [           main] c.t.m.m.a.prompt.PromptTemplateRegistry  : PromptTemplateRegistry initialized with 3 templates: [trip_plan, assistant, recommendation]
2026-06-28T16:11:40.549+07:00  INFO 19728 --- [ai-travel-marketplace] [           main] r$InitializeUserDetailsManagerConfigurer : Global AuthenticationManager configured with UserDetailsService bean with name userDetailsServiceImpl
2026-06-28T16:11:41.414+07:00  WARN 19728 --- [ai-travel-marketplace] [           main] JpaBaseConfiguration$JpaWebConfiguration : spring.jpa.open-in-view is enabled by default. Therefore, database queries may be performed during view rendering. Explicitly configure spring.jpa.open-in-view to disable this warning
2026-06-28T16:11:42.304+07:00  INFO 19728 --- [ai-travel-marketplace] [           main] o.s.b.w.embedded.tomcat.TomcatWebServer  : Tomcat started on port 8081 (http) with context path '/'
2026-06-28T16:11:42.318+07:00  INFO 19728 --- [ai-travel-marketplace] [           main] c.travel.marketplace.BackendApplication  : Started BackendApplication in 10.159 seconds (process running for 10.776)
2026-06-28T16:11:42.322+07:00 DEBUG 19728 --- [ai-travel-marketplace] [   scheduling-1] c.t.m.m.b.s.ReservationExpiryScheduler   : Running ReservationExpiryScheduler to check for expired locks...
2026-06-28T16:11:42.454+07:00  INFO 19728 --- [ai-travel-marketplace] [   scheduling-1] c.t.m.m.s.service.JobExecutionTracker    : Starting background job: BookingExpiryJob
2026-06-28T16:11:42.456+07:00  INFO 19728 --- [ai-travel-marketplace] [   scheduling-1] c.t.m.m.s.service.MarketplaceJobs        : Executing BookingExpiryJob...
2026-06-28T16:11:42.457+07:00  INFO 19728 --- [ai-travel-marketplace] [   scheduling-1] c.t.m.m.s.service.JobExecutionTracker    : Completed background job: BookingExpiryJob
2026-06-28T16:11:42.478+07:00  INFO 19728 --- [ai-travel-marketplace] [   scheduling-1] c.t.m.m.s.service.JobExecutionTracker    : Starting background job: PaymentExpiryJob
2026-06-28T16:11:42.479+07:00  INFO 19728 --- [ai-travel-marketplace] [   scheduling-1] c.t.m.m.s.service.MarketplaceJobs        : Executing PaymentExpiryJob...
2026-06-28T16:11:42.480+07:00  INFO 19728 --- [ai-travel-marketplace] [   scheduling-1] c.t.m.m.s.service.JobExecutionTracker    : Completed background job: PaymentExpiryJob
2026-06-28T16:12:42.325+07:00 DEBUG 19728 --- [ai-travel-marketplace] [   scheduling-1] c.t.m.m.b.s.ReservationExpiryScheduler   : Running ReservationExpiryScheduler to check for expired locks...
2026-06-28T16:13:39.195+07:00  INFO 19728 --- [ai-travel-marketplace] [nio-8081-exec-1] o.a.c.c.C.[Tomcat].[localhost].[/]       : Initializing Spring DispatcherServlet 'dispatcherServlet'
2026-06-28T16:13:39.197+07:00  INFO 19728 --- [ai-travel-marketplace] [nio-8081-exec-1] o.s.web.servlet.DispatcherServlet        : Initializing Servlet 'dispatcherServlet'
2026-06-28T16:13:39.202+07:00  INFO 19728 --- [ai-travel-marketplace] [nio-8081-exec-1] o.s.web.servlet.DispatcherServlet        : Completed initialization in 4 ms
2026-06-28T16:13:39.730+07:00  INFO 19728 --- [ai-travel-marketplace] [nio-8081-exec-1] c.t.m.modules.auth.service.AuthService   : User logged in: hotel@aitravel.demo
2026-06-28T16:13:40.051+07:00  INFO 19728 --- [ai-travel-marketplace] [nio-8081-exec-5] c.t.m.modules.auth.service.AuthService   : User logged in: admin@aitravel.demo
2026-06-28T16:13:40.131+07:00  WARN 19728 --- [ai-travel-marketplace] [nio-8081-exec-4] PageModule$PlainPageSerializationWarning : Serializing PageImpl instances as-is is not supported, meaning that there is no guarantee about the stability of the resulting JSON structure!
	For a stable JSON structure, please use Spring Data's PagedModel (globally via @EnableSpringDataWebSupport(pageSerializationMode = VIA_DTO))
	or Spring HATEOAS and Spring Data's PagedResourcesAssembler as documented in https://docs.spring.io/spring-data/commons/reference/repositories/core-extensions.html#core.web.pageables.

2026-06-28T16:13:42.332+07:00 DEBUG 19728 --- [ai-travel-marketplace] [   scheduling-1] c.t.m.m.b.s.ReservationExpiryScheduler   : Running ReservationExpiryScheduler to check for expired locks...
2026-06-28T16:14:42.329+07:00 DEBUG 19728 --- [ai-travel-marketplace] [   scheduling-1] c.t.m.m.b.s.ReservationExpiryScheduler   : Running ReservationExpiryScheduler to check for expired locks...
2026-06-28T16:15:42.331+07:00 DEBUG 19728 --- [ai-travel-marketplace] [   scheduling-1] c.t.m.m.b.s.ReservationExpiryScheduler   : Running ReservationExpiryScheduler to check for expired locks...
2026-06-28T16:16:42.327+07:00 DEBUG 19728 --- [ai-travel-marketplace] [   scheduling-1] c.t.m.m.b.s.ReservationExpiryScheduler   : Running ReservationExpiryScheduler to check for expired locks...
2026-06-28T16:16:42.336+07:00  INFO 19728 --- [ai-travel-marketplace] [   scheduling-1] c.t.m.m.s.service.JobExecutionTracker    : Starting background job: BookingExpiryJob
2026-06-28T16:16:42.337+07:00  INFO 19728 --- [ai-travel-marketplace] [   scheduling-1] c.t.m.m.s.service.MarketplaceJobs        : Executing BookingExpiryJob...
2026-06-28T16:16:42.337+07:00  INFO 19728 --- [ai-travel-marketplace] [   scheduling-1] c.t.m.m.s.service.JobExecutionTracker    : Completed background job: BookingExpiryJob
[INFO] ------------------------------------------------------------------------
[INFO] BUILD FAILURE
[INFO] ------------------------------------------------------------------------
[INFO] Total time:  05:49 min
[INFO] Finished at: 2026-06-28T16:16:55+07:00
[INFO] ------------------------------------------------------------------------
[ERROR] Failed to execute goal org.springframework.boot:spring-boot-maven-plugin:3.3.1:run (default-cli) on project marketplace: Process terminated with exit code: -1 -> [Help 1]
[ERROR] 
[ERROR] To see the full stack trace of the errors, re-run Maven with the -e switch.
[ERROR] Re-run Maven using the -X switch to enable full debug logging.
[ERROR] 
[ERROR] For more information about the errors and possible solutions, please read the following articles:
[ERROR] [Help 1] http://cwiki.apache.org/confluence/display/MAVEN/MojoExecutionException
